make: Nothing to be done for `all'.
Parallel A Star Task Approach
Parallel AStar With Task Section,1,false,3.45e-04
Parallel AStar With Task Section,2,false,4.79e-04
Parallel AStar With Task Section,4,false,5.39e-04
Parallel AStar With Task Section,16,false,9.10e-04
Parallel AStar With Task Section,20,false,1.13e-03
Parallel AStar With Task Section,1,false,1.48e-04
Parallel AStar With Task Section,2,false,2.68e-04
Parallel AStar With Task Section,4,false,3.24e-04
Parallel AStar With Task Section,16,false,5.76e-04
Parallel AStar With Task Section,20,false,2.89e-03
Parallel AStar With Task Section,1,false,5.90e-05
Parallel AStar With Task Section,2,false,1.13e-04
Parallel AStar With Task Section,4,false,1.47e-04
Parallel AStar With Task Section,16,false,3.56e-04
Parallel AStar With Task Section,20,false,9.58e-04
Parallel AStar With Task Section,1,false,2.28e+02
Parallel AStar With Task Section,2,false,2.71e+02
Parallel AStar With Task Section,4,false,3.99e+02
Parallel AStar With Task Section,16,false,6.35e+02
Parallel AStar With Task Section,20,false,5.13e+02
Parallel AStar With Task Section,1,false,1.46e-02
Parallel AStar With Task Section,2,false,1.99e-02
Parallel AStar With Task Section,4,false,2.84e-02
Parallel AStar With Task Section,16,false,3.45e-02
Parallel AStar With Task Section,20,false,4.69e-02
Parallel AStar With Task Section,1,false,3.67e+00
Parallel AStar With Task Section,2,false,4.43e+00
Parallel AStar With Task Section,4,false,6.44e+00
Parallel AStar With Task Section,16,false,1.01e+01
Parallel AStar With Task Section,20,false,1.17e+01
