make: Nothing to be done for `all'.
Parallel A Star Lock Approach
Parallel AStar With Locks,1,false,3.49e-04
Parallel AStar With Locks,2,false,6.24e-04
Parallel AStar With Locks,4,false,7.82e-04
Parallel AStar With Locks,16,false,1.14e-03
Parallel AStar With Locks,20,false,2.85e-03
Parallel AStar With Locks,32,false,5.05e-03
Parallel AStar With Locks,1,false,1.54e-04
Parallel AStar With Locks,2,false,3.54e-04
Parallel AStar With Locks,4,false,4.12e-04
Parallel AStar With Locks,16,false,6.48e-04
Parallel AStar With Locks,20,false,7.22e-04
Parallel AStar With Locks,32,false,2.40e-03
Parallel AStar With Locks,1,false,4.86e-05
Parallel AStar With Locks,2,false,1.03e-04
Parallel AStar With Locks,4,false,1.31e-04
Parallel AStar With Locks,16,false,3.47e-04
Parallel AStar With Locks,20,false,2.16e-03
Parallel AStar With Locks,32,false,7.13e-04
Parallel AStar With Locks,1,false,3.08e+02
Parallel AStar With Locks,2,false,4.37e+02
Parallel AStar With Locks,4,false,5.60e+02
Parallel AStar With Locks,16,false,6.92e+02
Parallel AStar With Locks,20,false,7.36e+02
Parallel AStar With Locks,32,false,1.79e+03
Parallel AStar With Locks,1,false,2.17e-02
Parallel AStar With Locks,2,false,3.88e-02
Parallel AStar With Locks,4,false,4.42e-02
Parallel AStar With Locks,16,false,5.19e-02
Parallel AStar With Locks,20,false,5.07e-02
Parallel AStar With Locks,32,false,2.42e-01
Parallel AStar With Locks,1,false,4.94e+00
Parallel AStar With Locks,2,false,7.21e+00
Parallel AStar With Locks,4,false,9.00e+00
Parallel AStar With Locks,16,false,1.11e+01
Parallel AStar With Locks,20,false,1.22e+01
Parallel AStar With Locks,32,false,3.89e+01
