make: Nothing to be done for `all'.
Parallel A Star Fan Approach
Parallel AStar Fan Method,1,false,3.91e-04
Parallel AStar Fan Method,2,false,3.93e-04
Parallel AStar Fan Method,4,false,4.09e-04
Parallel AStar Fan Method,16,false,4.42e-04
Parallel AStar Fan Method,20,false,4.34e-04
Parallel AStar Fan Method,32,false,4.27e-04
Parallel AStar Fan Method,1,false,1.53e-04
Parallel AStar Fan Method,2,false,2.50e-04
Parallel AStar Fan Method,4,false,2.73e-04
Parallel AStar Fan Method,16,false,2.97e-04
Parallel AStar Fan Method,20,false,2.75e-04
Parallel AStar Fan Method,32,false,2.69e-04
Parallel AStar Fan Method,1,false,2.30e-05
Parallel AStar Fan Method,2,false,7.39e-05
Parallel AStar Fan Method,4,false,1.08e-04
Parallel AStar Fan Method,16,false,3.09e-04
Parallel AStar Fan Method,20,false,3.80e-04
Parallel AStar Fan Method,32,false,6.84e-04
Parallel AStar Fan Method,1,false,5.23e+02
Parallel AStar Fan Method,2,false,2.88e+02
Parallel AStar Fan Method,4,false,1.97e+02
Parallel AStar Fan Method,16,false,1.66e+02
Parallel AStar Fan Method,20,false,1.78e+02
Parallel AStar Fan Method,32,false,1.74e+02
Parallel AStar Fan Method,1,false,4.14e-02
Parallel AStar Fan Method,2,false,2.80e-02
Parallel AStar Fan Method,4,false,2.23e-02
Parallel AStar Fan Method,16,false,9.88e-03
Parallel AStar Fan Method,20,false,9.80e-03
Parallel AStar Fan Method,32,false,9.72e-03
Parallel AStar Fan Method,1,false,7.51e+00
Parallel AStar Fan Method,2,false,4.27e+00
Parallel AStar Fan Method,4,false,3.74e+00
Parallel AStar Fan Method,16,false,2.13e+00
Parallel AStar Fan Method,20,false,2.12e+00
Parallel AStar Fan Method,32,false,2.11e+00
