make: Nothing to be done for `all'.
SERIAL BACKTRACKING APPROACH
Serial Backtracking,1,false,6.67e-04,7
Serial Backtracking,1,false,2.54e-04,7
Serial Backtracking,1,false,1.58e-05,0
Serial Backtracking,1,false,7.37e+02,26
Serial Backtracking,1,false,4.95e-02,12
Serial Backtracking,1,false,1.12e+01,20
