make: Nothing to be done for `all'.
Parallel A Star Heuristic Approach
Parallel AStar With Parallel Heuristic,1,false,2.67e-04
Parallel AStar With Parallel Heuristic,2,false,3.74e-04
Parallel AStar With Parallel Heuristic,4,false,4.10e-04
Parallel AStar With Parallel Heuristic,16,false,7.75e-04
Parallel AStar With Parallel Heuristic,20,false,2.45e-03
Parallel AStar With Parallel Heuristic,32,false,5.02e-03
Parallel AStar With Parallel Heuristic,1,false,1.12e-04
Parallel AStar With Parallel Heuristic,2,false,1.92e-04
Parallel AStar With Parallel Heuristic,4,false,2.22e-04
Parallel AStar With Parallel Heuristic,16,false,4.91e-04
Parallel AStar With Parallel Heuristic,20,false,5.88e-04
Parallel AStar With Parallel Heuristic,32,false,2.46e-03
Parallel AStar With Parallel Heuristic,1,false,3.74e-05
Parallel AStar With Parallel Heuristic,2,false,9.53e-05
Parallel AStar With Parallel Heuristic,4,false,1.20e-04
Parallel AStar With Parallel Heuristic,16,false,3.20e-04
Parallel AStar With Parallel Heuristic,20,false,3.91e-03
Parallel AStar With Parallel Heuristic,32,false,7.24e-04
Parallel AStar With Parallel Heuristic,1,false,1.51e+02
Parallel AStar With Parallel Heuristic,2,false,1.85e+02
Parallel AStar With Parallel Heuristic,4,false,1.91e+02
Parallel AStar With Parallel Heuristic,16,false,2.66e+02
Parallel AStar With Parallel Heuristic,20,false,3.22e+02
Parallel AStar With Parallel Heuristic,32,false,1.82e+03
Parallel AStar With Parallel Heuristic,1,false,1.15e-02
Parallel AStar With Parallel Heuristic,2,false,1.55e-02
Parallel AStar With Parallel Heuristic,4,false,1.79e-02
Parallel AStar With Parallel Heuristic,16,false,2.57e-02
Parallel AStar With Parallel Heuristic,20,false,3.46e-02
Parallel AStar With Parallel Heuristic,32,false,2.37e-01
Parallel AStar With Parallel Heuristic,1,false,2.20e+00
Parallel AStar With Parallel Heuristic,2,false,2.84e+00
Parallel AStar With Parallel Heuristic,4,false,3.20e+00
Parallel AStar With Parallel Heuristic,16,false,4.81e+00
Parallel AStar With Parallel Heuristic,20,false,6.22e+00
Parallel AStar With Parallel Heuristic,32,false,3.80e+01
