make: Nothing to be done for `all'.
Parallel DBB Approach
Depth Bounded Branching,4,false,3.44e-04,7
Depth Bounded Branching,8,false,4.22e-04,7
Depth Bounded Branching,16,false,5.74e-04,7
Depth Bounded Branching,20,false,6.57e-04,7
Depth Bounded Branching,32,false,2.27e-03,7
Depth Bounded Branching,4,false,1.90e-04,7
Depth Bounded Branching,8,false,2.56e-04,7
Depth Bounded Branching,16,false,4.11e-04,7
Depth Bounded Branching,20,false,8.68e-04,7
Depth Bounded Branching,32,false,1.13e-03,7
Depth Bounded Branching,4,false,2.40e-05,0
Depth Bounded Branching,8,false,3.04e-05,0
Depth Bounded Branching,16,false,4.11e-05,0
Depth Bounded Branching,20,false,5.39e-05,0
Depth Bounded Branching,32,false,6.78e-05,0
slurmstepd: error: *** JOB 24893349 ON c03n09 CANCELLED AT 2021-05-14T18:29:19 ***
