make: Nothing to be done for `all'.
SERIAL BACKTRACKING APPROACH
Serial Backtracking,1,true,5.03e-05,2
Serial Backtracking,1,true,2.33e-02,13
Serial Backtracking,1,true,5.18e-02,14
Serial Backtracking,1,true,2.75e+00,20
Serial Backtracking,1,true,3.02e+00,24
Serial Backtracking,1,true,4.50e+01,27
Serial Backtracking,1,true,2.24e+01,26
Serial Backtracking,1,true,3.22e-01,19
Serial Backtracking,1,true,7.41e-01,23
Serial Backtracking,1,true,5.09e+01,31
