make: Nothing to be done for `all'.
Parallel DBB Approach
Depth Bounded Branching,4,true,3.57e-05,2
Depth Bounded Branching,8,true,3.80e-05,2
Depth Bounded Branching,16,true,4.91e-05,2
Depth Bounded Branching,20,true,6.08e-05,2
Depth Bounded Branching,32,true,7.49e-05,2
Depth Bounded Branching,4,true,1.14e-02,13
Depth Bounded Branching,8,true,1.09e-02,13
Depth Bounded Branching,16,true,1.16e-02,13
Depth Bounded Branching,20,true,1.16e-02,13
Depth Bounded Branching,32,true,2.65e-02,13
Depth Bounded Branching,4,true,5.02e-02,14
Depth Bounded Branching,8,true,3.13e-02,14
Depth Bounded Branching,16,true,3.91e-02,14
Depth Bounded Branching,20,true,3.36e-02,14
Depth Bounded Branching,32,true,3.82e-02,14
Depth Bounded Branching,4,true,8.87e+00,20
Depth Bounded Branching,8,true,6.63e+00,20
Depth Bounded Branching,16,true,6.56e+00,20
Depth Bounded Branching,20,true,6.20e+00,20
Depth Bounded Branching,32,true,5.95e+00,20
Depth Bounded Branching,4,true,4.24e-01,24
Depth Bounded Branching,8,true,4.62e-01,24
Depth Bounded Branching,16,true,4.21e-01,24
Depth Bounded Branching,20,true,4.46e-01,24
Depth Bounded Branching,32,true,4.42e-01,24
Depth Bounded Branching,4,true,6.83e+01,27
Depth Bounded Branching,8,true,5.32e+01,27
Depth Bounded Branching,16,true,4.55e+01,27
Depth Bounded Branching,20,true,4.29e+01,27
Depth Bounded Branching,32,true,4.09e+01,27
Depth Bounded Branching,4,true,1.25e+01,26
Depth Bounded Branching,8,true,1.00e+01,26
Depth Bounded Branching,16,true,1.06e+01,26
Depth Bounded Branching,20,true,9.83e+00,26
Depth Bounded Branching,32,true,9.50e+00,26
Depth Bounded Branching,4,true,6.26e-01,19
Depth Bounded Branching,8,true,4.93e-01,19
Depth Bounded Branching,16,true,5.67e-01,19
Depth Bounded Branching,20,true,4.90e-01,19
Depth Bounded Branching,32,true,4.00e-01,19
Depth Bounded Branching,4,true,1.11e-01,23
Depth Bounded Branching,8,true,1.18e-01,23
Depth Bounded Branching,16,true,9.26e-02,23
Depth Bounded Branching,20,true,1.15e-01,23
Depth Bounded Branching,32,true,5.92e-02,23
Depth Bounded Branching,4,true,2.79e+00,31
Depth Bounded Branching,8,true,2.49e+00,31
Depth Bounded Branching,16,true,2.66e+00,31
Depth Bounded Branching,20,true,2.39e+00,31
Depth Bounded Branching,32,true,2.62e+00,31
