make: Nothing to be done for `all'.
Serial A Star Approach
Serial AStar,1,true,3.74e-05,2
Serial AStar,1,true,1.06e-03,13
Serial AStar,1,true,2.28e-02,14
Serial AStar,1,true,8.64e-02,20
Serial AStar,1,true,1.19e+00,24
Serial AStar,1,true,6.14e+00,27
Serial AStar,1,true,8.64e+00,26
Serial AStar,1,true,3.33e-01,19
Serial AStar,1,true,1.29e+01,23
Serial AStar,1,true,6.21e+00,31
