make: Nothing to be done for `all'.
Parallel A Star Fan Approach
Parallel AStar Fan Method,4,true,1.95e-04,2
Parallel AStar Fan Method,8,true,1.84e-04,2
Parallel AStar Fan Method,16,true,1.71e-04,2
Parallel AStar Fan Method,20,true,1.68e-04,2
Parallel AStar Fan Method,32,true,1.68e-04,2
Parallel AStar Fan Method,4,true,5.20e-03,13
Parallel AStar Fan Method,8,true,5.45e-03,13
Parallel AStar Fan Method,16,true,5.28e-03,13
Parallel AStar Fan Method,20,true,5.35e-03,13
Parallel AStar Fan Method,32,true,5.35e-03,13
Parallel AStar Fan Method,4,true,2.56e-03,14
Parallel AStar Fan Method,8,true,2.82e-03,14
Parallel AStar Fan Method,16,true,2.78e-03,14
Parallel AStar Fan Method,20,true,2.79e-03,14
Parallel AStar Fan Method,32,true,2.73e-03,14
Parallel AStar Fan Method,4,true,8.89e-02,20
Parallel AStar Fan Method,8,true,3.77e-02,20
Parallel AStar Fan Method,16,true,3.86e-02,20
Parallel AStar Fan Method,20,true,3.83e-02,20
Parallel AStar Fan Method,32,true,3.84e-02,20
Parallel AStar Fan Method,4,true,1.33e-01,24
Parallel AStar Fan Method,8,true,1.10e-01,24
Parallel AStar Fan Method,16,true,1.12e-01,24
Parallel AStar Fan Method,20,true,1.18e-01,24
Parallel AStar Fan Method,32,true,1.12e-01,24
Parallel AStar Fan Method,4,true,3.82e-01,27
Parallel AStar Fan Method,8,true,4.09e-01,27
Parallel AStar Fan Method,16,true,4.11e-01,27
Parallel AStar Fan Method,20,true,4.13e-01,27
Parallel AStar Fan Method,32,true,4.10e-01,27
Parallel AStar Fan Method,4,true,6.17e-01,26
Parallel AStar Fan Method,8,true,3.17e-01,26
Parallel AStar Fan Method,16,true,3.35e-01,26
Parallel AStar Fan Method,20,true,3.35e-01,26
Parallel AStar Fan Method,32,true,3.36e-01,26
Parallel AStar Fan Method,4,true,1.28e-01,19
Parallel AStar Fan Method,8,true,1.32e-01,19
Parallel AStar Fan Method,16,true,1.17e-01,19
Parallel AStar Fan Method,20,true,1.16e-01,19
Parallel AStar Fan Method,32,true,1.16e-01,19
Parallel AStar Fan Method,4,true,1.80e+00,23
Parallel AStar Fan Method,8,true,1.94e+00,23
Parallel AStar Fan Method,16,true,1.99e+00,23
Parallel AStar Fan Method,20,true,2.00e+00,23
Parallel AStar Fan Method,32,true,2.01e+00,23
Parallel AStar Fan Method,4,true,5.22e+00,31
Parallel AStar Fan Method,8,true,5.23e+00,31
Parallel AStar Fan Method,16,true,5.23e+00,31
Parallel AStar Fan Method,20,true,5.30e+00,31
Parallel AStar Fan Method,32,true,5.26e+00,31
