make: Nothing to be done for `all'.
Parallel A Star Fan Approach
Parallel AStar Fan Method,4,true,1.93e-04,2
Parallel AStar Fan Method,16,true,1.73e-04,2
Parallel AStar Fan Method,20,true,1.77e-04,2
Parallel AStar Fan Method,32,true,1.77e-04,2
Parallel AStar Fan Method,4,true,5.21e-03,13
Parallel AStar Fan Method,16,true,5.39e-03,13
Parallel AStar Fan Method,20,true,5.40e-03,13
Parallel AStar Fan Method,32,true,5.41e-03,13
Parallel AStar Fan Method,4,true,2.54e-03,14
Parallel AStar Fan Method,16,true,2.75e-03,14
Parallel AStar Fan Method,20,true,2.74e-03,14
Parallel AStar Fan Method,32,true,2.83e-03,14
Parallel AStar Fan Method,4,true,8.56e-02,20
Parallel AStar Fan Method,16,true,3.82e-02,20
Parallel AStar Fan Method,20,true,3.77e-02,20
Parallel AStar Fan Method,32,true,3.91e-02,20
Parallel AStar Fan Method,4,true,1.35e-01,24
Parallel AStar Fan Method,16,true,1.12e-01,24
Parallel AStar Fan Method,20,true,1.14e-01,24
Parallel AStar Fan Method,32,true,1.09e-01,24
Parallel AStar Fan Method,4,true,3.86e-01,27
Parallel AStar Fan Method,16,true,4.10e-01,27
Parallel AStar Fan Method,20,true,3.99e-01,27
Parallel AStar Fan Method,32,true,4.05e-01,27
Parallel AStar Fan Method,4,true,6.27e-01,26
Parallel AStar Fan Method,16,true,3.40e-01,26
Parallel AStar Fan Method,20,true,3.36e-01,26
Parallel AStar Fan Method,32,true,3.33e-01,26
Parallel AStar Fan Method,4,true,1.26e-01,19
Parallel AStar Fan Method,16,true,1.19e-01,19
Parallel AStar Fan Method,20,true,1.18e-01,19
Parallel AStar Fan Method,32,true,1.16e-01,19
Parallel AStar Fan Method,4,true,1.79e+00,23
Parallel AStar Fan Method,16,true,1.97e+00,23
Parallel AStar Fan Method,20,true,2.02e+00,23
Parallel AStar Fan Method,32,true,1.98e+00,23
Parallel AStar Fan Method,4,true,5.23e+00,31
Parallel AStar Fan Method,16,true,5.25e+00,31
Parallel AStar Fan Method,20,true,5.31e+00,31
Parallel AStar Fan Method,32,true,5.26e+00,31
