make: Nothing to be done for `all'.
Parallel A Star Lock Approach
Parallel AStar With Locks,4,true,2.50e-04,2
Parallel AStar With Locks,16,true,4.40e-04,2
Parallel AStar With Locks,20,true,5.10e-04,2
Parallel AStar With Locks,32,true,1.01e-03,2
Parallel AStar With Locks,4,true,5.07e-02,13
Parallel AStar With Locks,16,true,3.26e-02,13
Parallel AStar With Locks,20,true,4.62e-02,13
Parallel AStar With Locks,32,true,1.78e-01,13
Parallel AStar With Locks,4,true,7.64e-02,14
Parallel AStar With Locks,16,true,4.50e-02,14
Parallel AStar With Locks,20,true,1.73e-01,14
Parallel AStar With Locks,32,true,2.29e-01,14
Parallel AStar With Locks,4,true,5.20e-01,20
Parallel AStar With Locks,16,true,4.80e-01,20
Parallel AStar With Locks,20,true,1.19e+00,20
Parallel AStar With Locks,32,true,1.41e+00,20
Parallel AStar With Locks,4,true,2.59e+00,24
Parallel AStar With Locks,16,true,4.98e+00,24
Parallel AStar With Locks,20,true,6.50e+01,24
Parallel AStar With Locks,32,true,1.35e+01,24
Parallel AStar With Locks,4,true,1.29e+01,27
Parallel AStar With Locks,16,true,1.42e+01,27
Parallel AStar With Locks,20,true,6.42e+01,27
Parallel AStar With Locks,32,true,7.98e+01,27
Parallel AStar With Locks,4,true,5.29e+01,26
Parallel AStar With Locks,16,true,4.85e+01,26
Parallel AStar With Locks,20,true,1.39e+02,26
Parallel AStar With Locks,32,true,3.17e+02,26
Parallel AStar With Locks,4,true,3.84e-01,19
Parallel AStar With Locks,16,true,1.77e+00,19
Parallel AStar With Locks,20,true,1.99e+00,19
Parallel AStar With Locks,32,true,1.59e+00,19
Parallel AStar With Locks,4,true,6.07e+00,23
Parallel AStar With Locks,16,true,2.53e+00,23
Parallel AStar With Locks,20,true,3.33e+01,23
Parallel AStar With Locks,32,true,2.85e+01,23
Parallel AStar With Locks,4,true,1.35e+02,31
Parallel AStar With Locks,16,true,5.56e+01,31
Parallel AStar With Locks,20,true,2.40e+01,31
Parallel AStar With Locks,32,true,7.41e+01,31
