make: Nothing to be done for `all'.
Serial A Star Approach
Serial AStar,1,true,3.98e-05
Serial AStar,1,true,1.06e-03
Serial AStar,1,true,2.30e-02
Serial AStar,1,true,8.73e-02
Serial AStar,1,true,1.20e+00
Serial AStar,1,true,6.18e+00
Serial AStar,1,true,8.58e+00
Serial AStar,1,true,3.34e-01
Serial AStar,1,true,1.29e+01
Serial AStar,1,true,6.24e+00
