g++ --std=c++20 -O3 -g -fopenmp -c ./ParallelAStar/parallel_astar_task.cpp
g++ --std=c++20 -O3 -g -fopenmp  board.o  peg_solitaire.o  serial_search.o  parallel_dbb.o  serial_astar.o  parallel_astar_lock.o  parallel_astar_task.o  parallel_astar_calculate.o  parallel_astar_fan.o play_peg.o -o play_peg
cp play_peg ../play_peg
Parallel A Star Task Approach
Parallel AStar With Task Section,4,true,2.54e-04,2
Parallel AStar With Task Section,8,true,3.09e-04,2
Parallel AStar With Task Section,16,true,4.55e-04,2
Parallel AStar With Task Section,20,true,1.14e-02,2
Parallel AStar With Task Section,32,true,9.32e-04,2
Parallel AStar With Task Section,4,true,4.76e-02,13
Parallel AStar With Task Section,8,true,5.52e-02,13
Parallel AStar With Task Section,16,true,4.41e-02,13
Parallel AStar With Task Section,20,true,7.61e-02,13
Parallel AStar With Task Section,32,true,4.73e-02,13
Parallel AStar With Task Section,4,true,4.15e-02,14
Parallel AStar With Task Section,8,true,6.12e-02,14
Parallel AStar With Task Section,16,true,1.18e-01,14
Parallel AStar With Task Section,20,true,5.98e-02,14
Parallel AStar With Task Section,32,true,4.46e-02,14
Parallel AStar With Task Section,4,true,5.13e-01,20
Parallel AStar With Task Section,8,true,5.52e-01,20
Parallel AStar With Task Section,16,true,3.65e-02,20
Parallel AStar With Task Section,20,true,9.75e-02,20
Parallel AStar With Task Section,32,true,3.38e-02,20
Parallel AStar With Task Section,4,true,1.91e+00,24
Parallel AStar With Task Section,8,true,2.00e+00,24
Parallel AStar With Task Section,16,true,2.81e-01,24
Parallel AStar With Task Section,20,true,3.26e-01,24
Parallel AStar With Task Section,32,true,1.36e-01,24
Parallel AStar With Task Section,4,true,2.50e+00,27
Parallel AStar With Task Section,8,true,2.43e+00,27
Parallel AStar With Task Section,16,true,3.19e+00,27
Parallel AStar With Task Section,20,true,2.53e+00,27
Parallel AStar With Task Section,32,true,1.95e+00,27
Parallel AStar With Task Section,4,true,1.30e+00,26
Parallel AStar With Task Section,8,true,1.67e+00,26
Parallel AStar With Task Section,16,true,1.72e+00,26
Parallel AStar With Task Section,20,true,2.99e+00,26
Parallel AStar With Task Section,32,true,1.79e+00,26
Parallel AStar With Task Section,4,true,7.58e-01,19
Parallel AStar With Task Section,8,true,1.00e+00,19
Parallel AStar With Task Section,16,true,7.14e-01,19
Parallel AStar With Task Section,20,true,9.32e-01,19
Parallel AStar With Task Section,32,true,5.13e-01,19
Parallel AStar With Task Section,4,true,4.10e+00,23
Parallel AStar With Task Section,8,true,5.06e+00,23
Parallel AStar With Task Section,16,true,1.80e+00,23
Parallel AStar With Task Section,20,true,3.04e+00,23
Parallel AStar With Task Section,32,true,5.01e+00,23
Parallel AStar With Task Section,4,true,2.01e-02,31
Parallel AStar With Task Section,8,true,4.36e-02,31
Parallel AStar With Task Section,16,true,1.03e-01,31
Parallel AStar With Task Section,20,true,1.08e-01,31
Parallel AStar With Task Section,32,true,1.02e-01,31
