g++ --std=c++20 -O3 -g -fopenmp -c ./ParallelAStar/parallel_astar_task.cpp
g++ --std=c++20 -O3 -g -fopenmp  board.o  peg_solitaire.o  serial_search.o  parallel_dbb.o  serial_astar.o  parallel_astar_lock.o  parallel_astar_task.o  parallel_astar_calculate.o  parallel_astar_fan.o play_peg.o -o play_peg
cp play_peg ../play_peg
Parallel A Star Task Approach
Parallel AStar With Task Section,4,true,2.50e-04,2
Parallel AStar With Task Section,8,true,3.11e-04,2
Parallel AStar With Task Section,16,true,4.54e-04,2
Parallel AStar With Task Section,20,true,2.11e-03,2
Parallel AStar With Task Section,32,true,8.87e-04,2
Parallel AStar With Task Section,4,true,3.30e-02,13
Parallel AStar With Task Section,8,true,5.59e-02,13
Parallel AStar With Task Section,16,true,4.52e-02,13
Parallel AStar With Task Section,20,true,1.40e-01,13
Parallel AStar With Task Section,32,true,4.94e-02,13
Parallel AStar With Task Section,4,true,4.75e-02,14
Parallel AStar With Task Section,8,true,5.70e-02,14
Parallel AStar With Task Section,16,true,9.51e-02,14
Parallel AStar With Task Section,20,true,3.50e-02,14
Parallel AStar With Task Section,32,true,2.66e-02,14
Parallel AStar With Task Section,4,true,7.65e-01,20
Parallel AStar With Task Section,8,true,1.37e+00,20
Parallel AStar With Task Section,16,true,3.61e-02,20
Parallel AStar With Task Section,20,true,8.16e-02,20
Parallel AStar With Task Section,32,true,1.01e+00,20
Parallel AStar With Task Section,4,true,9.26e+00,24
Parallel AStar With Task Section,8,true,1.10e+01,24
Parallel AStar With Task Section,16,true,1.63e-01,24
Parallel AStar With Task Section,20,true,7.47e+00,24
Parallel AStar With Task Section,32,true,3.82e-01,24
Parallel AStar With Task Section,4,true,1.89e+00,27
Parallel AStar With Task Section,8,true,2.59e+00,27
Parallel AStar With Task Section,16,true,2.91e+00,27
Parallel AStar With Task Section,20,true,3.24e+00,27
Parallel AStar With Task Section,32,true,2.57e+00,27
Parallel AStar With Task Section,4,true,1.34e+00,26
Parallel AStar With Task Section,8,true,2.49e+00,26
Parallel AStar With Task Section,16,true,3.07e+00,26
Parallel AStar With Task Section,20,true,3.29e+00,26
Parallel AStar With Task Section,32,true,3.85e-01,26
Parallel AStar With Task Section,4,true,6.62e-01,19
Parallel AStar With Task Section,8,true,1.09e+00,19
Parallel AStar With Task Section,16,true,1.01e+00,19
Parallel AStar With Task Section,20,true,9.29e-01,19
Parallel AStar With Task Section,32,true,5.04e-01,19
Parallel AStar With Task Section,4,true,4.87e+00,23
Parallel AStar With Task Section,8,true,5.92e+00,23
Parallel AStar With Task Section,16,true,1.69e+00,23
Parallel AStar With Task Section,20,true,2.44e+00,23
Parallel AStar With Task Section,32,true,4.99e+00,23
Parallel AStar With Task Section,4,true,1.95e-02,31
Parallel AStar With Task Section,8,true,3.48e-02,31
Parallel AStar With Task Section,16,true,8.40e-02,31
Parallel AStar With Task Section,20,true,1.77e-01,31
Parallel AStar With Task Section,32,true,6.12e-02,31
