make: Nothing to be done for `all'.
Parallel A Star Lock Approach
Parallel AStar With Locks,4,true,2.44e-04,2
Parallel AStar With Locks,16,true,4.15e-04,2
Parallel AStar With Locks,20,true,9.16e-04,2
Parallel AStar With Locks,32,true,1.09e-03,2
Parallel AStar With Locks,4,true,5.69e-02,13
Parallel AStar With Locks,16,true,4.48e-02,13
Parallel AStar With Locks,20,true,4.52e-02,13
Parallel AStar With Locks,32,true,2.26e-02,13
Parallel AStar With Locks,4,true,8.77e-02,14
Parallel AStar With Locks,16,true,6.58e-02,14
Parallel AStar With Locks,20,true,7.37e-02,14
Parallel AStar With Locks,32,true,2.85e-01,14
Parallel AStar With Locks,4,true,5.69e-01,20
Parallel AStar With Locks,16,true,3.34e-01,20
Parallel AStar With Locks,20,true,1.67e+00,20
Parallel AStar With Locks,32,true,1.73e+01,20
Parallel AStar With Locks,4,true,5.86e+00,24
Parallel AStar With Locks,16,true,4.12e+00,24
Parallel AStar With Locks,20,true,7.01e+00,24
Parallel AStar With Locks,32,true,1.22e+01,24
Parallel AStar With Locks,4,true,5.50e+00,27
Parallel AStar With Locks,16,true,2.25e+01,27
Parallel AStar With Locks,20,true,1.64e+02,27
Parallel AStar With Locks,32,true,2.59e+01,27
Parallel AStar With Locks,4,true,3.08e+01,26
Parallel AStar With Locks,16,true,2.43e+01,26
Parallel AStar With Locks,20,true,4.39e+01,26
Parallel AStar With Locks,32,true,2.55e+01,26
Parallel AStar With Locks,4,true,9.79e-01,19
Parallel AStar With Locks,16,true,1.59e+00,19
Parallel AStar With Locks,20,true,1.09e+00,19
Parallel AStar With Locks,32,true,6.30e+00,19
Parallel AStar With Locks,4,true,9.17e-01,23
Parallel AStar With Locks,16,true,1.70e+00,23
Parallel AStar With Locks,20,true,1.02e+01,23
Parallel AStar With Locks,32,true,2.11e+02,23
Parallel AStar With Locks,4,true,1.88e+02,31
Parallel AStar With Locks,16,true,2.30e+01,31
Parallel AStar With Locks,20,true,2.13e+02,31
Parallel AStar With Locks,32,true,2.69e+01,31
