make: Nothing to be done for `all'.
Parallel A Star Task Approach
Parallel AStar With Task Section,4,true,2.34e-04,2
Parallel AStar With Task Section,8,true,2.98e-04,2
Parallel AStar With Task Section,16,true,4.62e-04,2
Parallel AStar With Task Section,20,true,2.11e-03,2
Parallel AStar With Task Section,32,true,8.94e-04,2
Parallel AStar With Task Section,4,true,3.32e-02,13
Parallel AStar With Task Section,8,true,5.15e-02,13
Parallel AStar With Task Section,16,true,4.45e-02,13
Parallel AStar With Task Section,20,true,8.47e-02,13
Parallel AStar With Task Section,32,true,4.94e-02,13
Parallel AStar With Task Section,4,true,4.64e-02,14
Parallel AStar With Task Section,8,true,6.68e-02,14
Parallel AStar With Task Section,16,true,7.20e-02,14
Parallel AStar With Task Section,20,true,1.37e-01,14
Parallel AStar With Task Section,32,true,3.52e-02,14
Parallel AStar With Task Section,4,true,4.60e-01,20
Parallel AStar With Task Section,8,true,5.87e-01,20
Parallel AStar With Task Section,16,true,4.80e-02,20
Parallel AStar With Task Section,20,true,1.23e-01,20
Parallel AStar With Task Section,32,true,4.43e-02,20
Parallel AStar With Task Section,4,true,1.84e+00,24
Parallel AStar With Task Section,8,true,2.25e+00,24
Parallel AStar With Task Section,16,true,1.74e-01,24
Parallel AStar With Task Section,20,true,3.20e-01,24
Parallel AStar With Task Section,32,true,1.65e-01,24
Parallel AStar With Task Section,4,true,1.90e+00,27
Parallel AStar With Task Section,8,true,2.59e+00,27
Parallel AStar With Task Section,16,true,3.58e+00,27
Parallel AStar With Task Section,20,true,2.37e+00,27
Parallel AStar With Task Section,32,true,2.55e+00,27
Parallel AStar With Task Section,4,true,1.39e+00,26
Parallel AStar With Task Section,8,true,1.73e+00,26
Parallel AStar With Task Section,16,true,1.34e+00,26
Parallel AStar With Task Section,20,true,1.47e+00,26
Parallel AStar With Task Section,32,true,8.17e-02,26
Parallel AStar With Task Section,4,true,7.82e-01,19
Parallel AStar With Task Section,8,true,8.84e-01,19
Parallel AStar With Task Section,16,true,9.15e-01,19
Parallel AStar With Task Section,20,true,9.88e-01,19
Parallel AStar With Task Section,32,true,4.95e-01,19
Parallel AStar With Task Section,4,true,3.95e+00,23
Parallel AStar With Task Section,8,true,6.46e+00,23
Parallel AStar With Task Section,16,true,2.82e+00,23
Parallel AStar With Task Section,20,true,2.93e+00,23
Parallel AStar With Task Section,32,true,3.99e+00,23
Parallel AStar With Task Section,4,true,2.20e-02,31
Parallel AStar With Task Section,8,true,4.56e-02,31
Parallel AStar With Task Section,16,true,9.45e-02,31
Parallel AStar With Task Section,20,true,1.48e-01,31
Parallel AStar With Task Section,32,true,7.02e-01,31
