make: Nothing to be done for `all'.
Parallel A Star Fan Approach
Parallel AStar Fan Method,4,true,2.48e-04,2
Parallel AStar Fan Method,16,true,1.72e-04,2
Parallel AStar Fan Method,20,true,1.73e-04,2
Parallel AStar Fan Method,32,true,1.70e-04,2
Parallel AStar Fan Method,4,true,5.01e-03,13
Parallel AStar Fan Method,16,true,5.13e-03,13
Parallel AStar Fan Method,20,true,5.45e-03,13
Parallel AStar Fan Method,32,true,5.35e-03,13
Parallel AStar Fan Method,4,true,2.56e-03,14
Parallel AStar Fan Method,16,true,2.78e-03,14
Parallel AStar Fan Method,20,true,2.83e-03,14
Parallel AStar Fan Method,32,true,2.77e-03,14
Parallel AStar Fan Method,4,true,8.50e-02,20
Parallel AStar Fan Method,16,true,3.83e-02,20
Parallel AStar Fan Method,20,true,3.73e-02,20
Parallel AStar Fan Method,32,true,3.91e-02,20
Parallel AStar Fan Method,4,true,1.32e-01,24
Parallel AStar Fan Method,16,true,1.18e-01,24
Parallel AStar Fan Method,20,true,1.14e-01,24
Parallel AStar Fan Method,32,true,1.15e-01,24
Parallel AStar Fan Method,4,true,3.79e-01,27
Parallel AStar Fan Method,16,true,4.09e-01,27
Parallel AStar Fan Method,20,true,4.02e-01,27
Parallel AStar Fan Method,32,true,4.11e-01,27
Parallel AStar Fan Method,4,true,6.24e-01,26
Parallel AStar Fan Method,16,true,3.30e-01,26
Parallel AStar Fan Method,20,true,3.37e-01,26
Parallel AStar Fan Method,32,true,3.40e-01,26
Parallel AStar Fan Method,4,true,1.26e-01,19
Parallel AStar Fan Method,16,true,1.16e-01,19
Parallel AStar Fan Method,20,true,1.16e-01,19
Parallel AStar Fan Method,32,true,1.16e-01,19
Parallel AStar Fan Method,4,true,1.80e+00,23
Parallel AStar Fan Method,16,true,1.96e+00,23
Parallel AStar Fan Method,20,true,1.99e+00,23
Parallel AStar Fan Method,32,true,1.98e+00,23
Parallel AStar Fan Method,4,true,5.24e+00,31
Parallel AStar Fan Method,16,true,5.30e+00,31
Parallel AStar Fan Method,20,true,5.26e+00,31
Parallel AStar Fan Method,32,true,5.24e+00,31
